// Jest Snapshot v1, https://goo.gl/fbAQLP

exports[`DocumentToneDisplay should match snapshot 1`] = `undefined`;
