// Jest Snapshot v1, https://goo.gl/fbAQLP

exports[`Nav should match snapshot 1`] = `
ShallowWrapper {
  "length": 1,
  Symbol(enzyme.__root__): [Circular],
  Symbol(enzyme.__unrendered__): <Nav />,
  Symbol(enzyme.__renderer__): Object {
    "batchedUpdates": [Function],
    "getNode": [Function],
    "render": [Function],
    "simulateEvent": [Function],
    "unmount": [Function],
  },
  Symbol(enzyme.__node__): Object {
    "instance": null,
    "key": undefined,
    "nodeType": "host",
    "props": Object {
      "children": Array [
        <h1>
          <NavLink
                    activeClassName="active"
                    ariaCurrent="true"
                    to="/"
          >
                    SITE HEADER
          </NavLink>
</h1>,
        <nav>
          <div>
                    <NavLink
                              activeClassName="active"
                              ariaCurrent="true"
                              to="/"
                    >
                              Linkto
                    </NavLink>
          </div>
          <div>
                    <NavLink
                              activeClassName="active"
                              ariaCurrent="true"
                              to="/"
                    >
                              Linkto
                    </NavLink>
          </div>
</nav>,
      ],
      "className": "nav-header",
    },
    "ref": null,
    "rendered": Array [
      Object {
        "instance": null,
        "key": undefined,
        "nodeType": "host",
        "props": Object {
          "children": <NavLink
            activeClassName="active"
            ariaCurrent="true"
            to="/"
>
            SITE HEADER
</NavLink>,
        },
        "ref": null,
        "rendered": Object {
          "instance": null,
          "key": undefined,
          "nodeType": "function",
          "props": Object {
            "activeClassName": "active",
            "ariaCurrent": "true",
            "children": "SITE HEADER",
            "to": "/",
          },
          "ref": null,
          "rendered": "SITE HEADER",
          "type": [Function],
        },
        "type": "h1",
      },
      Object {
        "instance": null,
        "key": undefined,
        "nodeType": "host",
        "props": Object {
          "children": Array [
            <div>
              <NavLink
                            activeClassName="active"
                            ariaCurrent="true"
                            to="/"
              >
                            Linkto
              </NavLink>
</div>,
            <div>
              <NavLink
                            activeClassName="active"
                            ariaCurrent="true"
                            to="/"
              >
                            Linkto
              </NavLink>
</div>,
          ],
        },
        "ref": null,
        "rendered": Array [
          Object {
            "instance": null,
            "key": undefined,
            "nodeType": "host",
            "props": Object {
              "children": <NavLink
                activeClassName="active"
                ariaCurrent="true"
                to="/"
>
                Linkto
</NavLink>,
            },
            "ref": null,
            "rendered": Object {
              "instance": null,
              "key": undefined,
              "nodeType": "function",
              "props": Object {
                "activeClassName": "active",
                "ariaCurrent": "true",
                "children": "Linkto",
                "to": "/",
              },
              "ref": null,
              "rendered": "Linkto",
              "type": [Function],
            },
            "type": "div",
          },
          Object {
            "instance": null,
            "key": undefined,
            "nodeType": "host",
            "props": Object {
              "children": <NavLink
                activeClassName="active"
                ariaCurrent="true"
                to="/"
>
                Linkto
</NavLink>,
            },
            "ref": null,
            "rendered": Object {
              "instance": null,
              "key": undefined,
              "nodeType": "function",
              "props": Object {
                "activeClassName": "active",
                "ariaCurrent": "true",
                "children": "Linkto",
                "to": "/",
              },
              "ref": null,
              "rendered": "Linkto",
              "type": [Function],
            },
            "type": "div",
          },
        ],
        "type": "nav",
      },
    ],
    "type": "header",
  },
  Symbol(enzyme.__nodes__): Array [
    Object {
      "instance": null,
      "key": undefined,
      "nodeType": "host",
      "props": Object {
        "children": Array [
          <h1>
            <NavLink
                        activeClassName="active"
                        ariaCurrent="true"
                        to="/"
            >
                        SITE HEADER
            </NavLink>
</h1>,
          <nav>
            <div>
                        <NavLink
                                    activeClassName="active"
                                    ariaCurrent="true"
                                    to="/"
                        >
                                    Linkto
                        </NavLink>
            </div>
            <div>
                        <NavLink
                                    activeClassName="active"
                                    ariaCurrent="true"
                                    to="/"
                        >
                                    Linkto
                        </NavLink>
            </div>
</nav>,
        ],
        "className": "nav-header",
      },
      "ref": null,
      "rendered": Array [
        Object {
          "instance": null,
          "key": undefined,
          "nodeType": "host",
          "props": Object {
            "children": <NavLink
              activeClassName="active"
              ariaCurrent="true"
              to="/"
>
              SITE HEADER
</NavLink>,
          },
          "ref": null,
          "rendered": Object {
            "instance": null,
            "key": undefined,
            "nodeType": "function",
            "props": Object {
              "activeClassName": "active",
              "ariaCurrent": "true",
              "children": "SITE HEADER",
              "to": "/",
            },
            "ref": null,
            "rendered": "SITE HEADER",
            "type": [Function],
          },
          "type": "h1",
        },
        Object {
          "instance": null,
          "key": undefined,
          "nodeType": "host",
          "props": Object {
            "children": Array [
              <div>
                <NavLink
                                activeClassName="active"
                                ariaCurrent="true"
                                to="/"
                >
                                Linkto
                </NavLink>
</div>,
              <div>
                <NavLink
                                activeClassName="active"
                                ariaCurrent="true"
                                to="/"
                >
                                Linkto
                </NavLink>
</div>,
            ],
          },
          "ref": null,
          "rendered": Array [
            Object {
              "instance": null,
              "key": undefined,
              "nodeType": "host",
              "props": Object {
                "children": <NavLink
                  activeClassName="active"
                  ariaCurrent="true"
                  to="/"
>
                  Linkto
</NavLink>,
              },
              "ref": null,
              "rendered": Object {
                "instance": null,
                "key": undefined,
                "nodeType": "function",
                "props": Object {
                  "activeClassName": "active",
                  "ariaCurrent": "true",
                  "children": "Linkto",
                  "to": "/",
                },
                "ref": null,
                "rendered": "Linkto",
                "type": [Function],
              },
              "type": "div",
            },
            Object {
              "instance": null,
              "key": undefined,
              "nodeType": "host",
              "props": Object {
                "children": <NavLink
                  activeClassName="active"
                  ariaCurrent="true"
                  to="/"
>
                  Linkto
</NavLink>,
              },
              "ref": null,
              "rendered": Object {
                "instance": null,
                "key": undefined,
                "nodeType": "function",
                "props": Object {
                  "activeClassName": "active",
                  "ariaCurrent": "true",
                  "children": "Linkto",
                  "to": "/",
                },
                "ref": null,
                "rendered": "Linkto",
                "type": [Function],
              },
              "type": "div",
            },
          ],
          "type": "nav",
        },
      ],
      "type": "header",
    },
  ],
  Symbol(enzyme.__options__): Object {
    "adapter": ReactSixteenAdapter {
      "options": Object {
        "enableComponentDidUpdateOnSetState": true,
      },
    },
  },
}
`;
