// Jest Snapshot v1, https://goo.gl/fbAQLP

exports[`ToneCard should match snapshot 1`] = `undefined`;
