// Jest Snapshot v1, https://goo.gl/fbAQLP

exports[`SentenceView should match snapshot 1`] = `
ShallowWrapper {
  "length": 1,
  Symbol(enzyme.__root__): [Circular],
  Symbol(enzyme.__unrendered__): <Unknown
    sentence_id={1}
    sentences={
        Array [
            Object {
              "sentence_id": 0,
              "text": "I hope that we can reach an amicable understanding and a solution to this problem.",
              "tones": Array [
                Object {
                  "score": 0.897416,
                  "tone_id": "analytical",
                  "tone_name": "Analytical",
                },
                Object {
                  "score": 0.647986,
                  "tone_id": "tentative",
                  "tone_name": "Tentative",
                },
                Object {
                  "score": 0.44646,
                  "tone_id": "sadness",
                  "tone_name": "Sadness",
                },
              ],
            },
            Object {
              "sentence_id": 1,
              "text": "Our clients have done business together previously, and my client is interested in maintaining a profitable business- partner relationship with Mr. Compresi, assuming that your client can fulfill Mr. Farley’s order at the price promised in his letter.",
              "tones": Array [
                Object {
                  "score": 0.580387,
                  "tone_id": "positive",
                  "tone_name": "Positive",
                },
                Object {
                  "score": 0.550576,
                  "tone_id": "analytical",
                  "tone_name": "Analytical",
                },
              ],
            },
          ]
    }
/>,
  Symbol(enzyme.__renderer__): Object {
    "batchedUpdates": [Function],
    "getNode": [Function],
    "render": [Function],
    "simulateEvent": [Function],
    "unmount": [Function],
  },
  Symbol(enzyme.__node__): Object {
    "instance": null,
    "key": undefined,
    "nodeType": "host",
    "props": Object {
      "children": Array [
        <div
          className="sentence-wrap"
>
          <p>
                    <span>
                              I hope that we can reach an amicable understanding and a solution to this problem.
                    </span>
                     
                    <span
                              className="highlight"
                    >
                              Our clients have done business together previously, and my client is interested in maintaining a profitable business- partner relationship with Mr. Compresi, assuming that your client can fulfill Mr. Farley’s order at the price promised in his letter.
                    </span>
                     
                    
          </p>
</div>,
        <div
          className="cards-wrap"
>
          <Unknown
                    description="positive is a tone which is  in negotionatinos an dbblah blah"
                    score={0.580387}
                    tone_id="positive"
                    tone_name="Positive"
          />
          <Unknown
                    description="analytical is a tone which is productive in  an dbblah blah"
                    score={0.550576}
                    tone_id="analytical"
                    tone_name="Analytical"
          />
</div>,
      ],
      "className": "sentence-view",
    },
    "ref": null,
    "rendered": Array [
      Object {
        "instance": null,
        "key": undefined,
        "nodeType": "host",
        "props": Object {
          "children": <p>
            <span>
                        I hope that we can reach an amicable understanding and a solution to this problem.
            </span>
             
            <span
                        className="highlight"
            >
                        Our clients have done business together previously, and my client is interested in maintaining a profitable business- partner relationship with Mr. Compresi, assuming that your client can fulfill Mr. Farley’s order at the price promised in his letter.
            </span>
             
            
</p>,
          "className": "sentence-wrap",
        },
        "ref": null,
        "rendered": Object {
          "instance": null,
          "key": undefined,
          "nodeType": "host",
          "props": Object {
            "children": Array [
              <span>
                I hope that we can reach an amicable understanding and a solution to this problem.
</span>,
              " ",
              <span
                className="highlight"
>
                Our clients have done business together previously, and my client is interested in maintaining a profitable business- partner relationship with Mr. Compresi, assuming that your client can fulfill Mr. Farley’s order at the price promised in his letter.
</span>,
              " ",
              "",
            ],
          },
          "ref": null,
          "rendered": Array [
            Object {
              "instance": null,
              "key": undefined,
              "nodeType": "host",
              "props": Object {
                "children": "I hope that we can reach an amicable understanding and a solution to this problem.",
              },
              "ref": null,
              "rendered": "I hope that we can reach an amicable understanding and a solution to this problem.",
              "type": "span",
            },
            " ",
            Object {
              "instance": null,
              "key": undefined,
              "nodeType": "host",
              "props": Object {
                "children": "Our clients have done business together previously, and my client is interested in maintaining a profitable business- partner relationship with Mr. Compresi, assuming that your client can fulfill Mr. Farley’s order at the price promised in his letter.",
                "className": "highlight",
              },
              "ref": null,
              "rendered": "Our clients have done business together previously, and my client is interested in maintaining a profitable business- partner relationship with Mr. Compresi, assuming that your client can fulfill Mr. Farley’s order at the price promised in his letter.",
              "type": "span",
            },
            " ",
            "",
          ],
          "type": "p",
        },
        "type": "div",
      },
      Object {
        "instance": null,
        "key": undefined,
        "nodeType": "host",
        "props": Object {
          "children": Array [
            <Unknown
              description="positive is a tone which is  in negotionatinos an dbblah blah"
              score={0.580387}
              tone_id="positive"
              tone_name="Positive"
/>,
            <Unknown
              description="analytical is a tone which is productive in  an dbblah blah"
              score={0.550576}
              tone_id="analytical"
              tone_name="Analytical"
/>,
          ],
          "className": "cards-wrap",
        },
        "ref": null,
        "rendered": Array [
          Object {
            "instance": null,
            "key": "Positivecard",
            "nodeType": "function",
            "props": Object {
              "description": "positive is a tone which is  in negotionatinos an dbblah blah",
              "score": 0.580387,
              "tone_id": "positive",
              "tone_name": "Positive",
            },
            "ref": null,
            "rendered": null,
            "type": [Function],
          },
          Object {
            "instance": null,
            "key": "Analyticalcard",
            "nodeType": "function",
            "props": Object {
              "description": "analytical is a tone which is productive in  an dbblah blah",
              "score": 0.550576,
              "tone_id": "analytical",
              "tone_name": "Analytical",
            },
            "ref": null,
            "rendered": null,
            "type": [Function],
          },
        ],
        "type": "div",
      },
    ],
    "type": "div",
  },
  Symbol(enzyme.__nodes__): Array [
    Object {
      "instance": null,
      "key": undefined,
      "nodeType": "host",
      "props": Object {
        "children": Array [
          <div
            className="sentence-wrap"
>
            <p>
                        <span>
                                    I hope that we can reach an amicable understanding and a solution to this problem.
                        </span>
                         
                        <span
                                    className="highlight"
                        >
                                    Our clients have done business together previously, and my client is interested in maintaining a profitable business- partner relationship with Mr. Compresi, assuming that your client can fulfill Mr. Farley’s order at the price promised in his letter.
                        </span>
                         
                        
            </p>
</div>,
          <div
            className="cards-wrap"
>
            <Unknown
                        description="positive is a tone which is  in negotionatinos an dbblah blah"
                        score={0.580387}
                        tone_id="positive"
                        tone_name="Positive"
            />
            <Unknown
                        description="analytical is a tone which is productive in  an dbblah blah"
                        score={0.550576}
                        tone_id="analytical"
                        tone_name="Analytical"
            />
</div>,
        ],
        "className": "sentence-view",
      },
      "ref": null,
      "rendered": Array [
        Object {
          "instance": null,
          "key": undefined,
          "nodeType": "host",
          "props": Object {
            "children": <p>
              <span>
                            I hope that we can reach an amicable understanding and a solution to this problem.
              </span>
               
              <span
                            className="highlight"
              >
                            Our clients have done business together previously, and my client is interested in maintaining a profitable business- partner relationship with Mr. Compresi, assuming that your client can fulfill Mr. Farley’s order at the price promised in his letter.
              </span>
               
              
</p>,
            "className": "sentence-wrap",
          },
          "ref": null,
          "rendered": Object {
            "instance": null,
            "key": undefined,
            "nodeType": "host",
            "props": Object {
              "children": Array [
                <span>
                  I hope that we can reach an amicable understanding and a solution to this problem.
</span>,
                " ",
                <span
                  className="highlight"
>
                  Our clients have done business together previously, and my client is interested in maintaining a profitable business- partner relationship with Mr. Compresi, assuming that your client can fulfill Mr. Farley’s order at the price promised in his letter.
</span>,
                " ",
                "",
              ],
            },
            "ref": null,
            "rendered": Array [
              Object {
                "instance": null,
                "key": undefined,
                "nodeType": "host",
                "props": Object {
                  "children": "I hope that we can reach an amicable understanding and a solution to this problem.",
                },
                "ref": null,
                "rendered": "I hope that we can reach an amicable understanding and a solution to this problem.",
                "type": "span",
              },
              " ",
              Object {
                "instance": null,
                "key": undefined,
                "nodeType": "host",
                "props": Object {
                  "children": "Our clients have done business together previously, and my client is interested in maintaining a profitable business- partner relationship with Mr. Compresi, assuming that your client can fulfill Mr. Farley’s order at the price promised in his letter.",
                  "className": "highlight",
                },
                "ref": null,
                "rendered": "Our clients have done business together previously, and my client is interested in maintaining a profitable business- partner relationship with Mr. Compresi, assuming that your client can fulfill Mr. Farley’s order at the price promised in his letter.",
                "type": "span",
              },
              " ",
              "",
            ],
            "type": "p",
          },
          "type": "div",
        },
        Object {
          "instance": null,
          "key": undefined,
          "nodeType": "host",
          "props": Object {
            "children": Array [
              <Unknown
                description="positive is a tone which is  in negotionatinos an dbblah blah"
                score={0.580387}
                tone_id="positive"
                tone_name="Positive"
/>,
              <Unknown
                description="analytical is a tone which is productive in  an dbblah blah"
                score={0.550576}
                tone_id="analytical"
                tone_name="Analytical"
/>,
            ],
            "className": "cards-wrap",
          },
          "ref": null,
          "rendered": Array [
            Object {
              "instance": null,
              "key": "Positivecard",
              "nodeType": "function",
              "props": Object {
                "description": "positive is a tone which is  in negotionatinos an dbblah blah",
                "score": 0.580387,
                "tone_id": "positive",
                "tone_name": "Positive",
              },
              "ref": null,
              "rendered": null,
              "type": [Function],
            },
            Object {
              "instance": null,
              "key": "Analyticalcard",
              "nodeType": "function",
              "props": Object {
                "description": "analytical is a tone which is productive in  an dbblah blah",
                "score": 0.550576,
                "tone_id": "analytical",
                "tone_name": "Analytical",
              },
              "ref": null,
              "rendered": null,
              "type": [Function],
            },
          ],
          "type": "div",
        },
      ],
      "type": "div",
    },
  ],
  Symbol(enzyme.__options__): Object {
    "adapter": ReactSixteenAdapter {
      "options": Object {
        "enableComponentDidUpdateOnSetState": true,
      },
    },
  },
}
`;
